kenji@KenjinoMacBook-Air git_challenge % git init
Initialized empty Git repository in /Users/kenji/Desktop/test/git_challenge/.git/
kenji@KenjinoMacBook-Air git_challenge % echo "Hello, world >> hello_world.txt

"
Hello, world >> hello_world.txt


kenji@KenjinoMacBook-Air git_challenge % git add .
kenji@KenjinoMacBook-Air git_challenge % git commit -m "hello_world.txtを追加"
[main (root-commit) ebef2c7] hello_world.txtを追加
 1 file changed, 0 insertions(+), 0 deletions(-)
 create mode 100644 hello_world.txt
kenji@KenjinoMacBook-Air git_challenge % echo "こんにちは、世界！ >> hello_world.txt

"
こんにちは、世界！ >> hello_world.txt


kenji@KenjinoMacBook-Air git_challenge % git add .
kenji@KenjinoMacBook-Air git_challenge % git commit -m "日本語訳を追記"
[main 8cdbfe7] 日本語訳を追記
 1 file changed, 2 insertions(+)
kenji@KenjinoMacBook-Air git_challenge % git log --oneline
8cdbfe7 (HEAD -> main) 日本語訳を追記
ebef2c7 hello_world.txtを追加